#-----------------------------------------------------------
# Vivado v2016.4 (64-bit)
# SW Build 1756540 on Mon Jan 23 19:11:23 MST 2017
# IP Build 1755317 on Mon Jan 23 20:30:07 MST 2017
# Start of session at: Thu May 10 10:56:43 2018
# Process ID: 2864
# Current directory: D:/Users/lkh116/Desktop/pipeline_cpu_predictor
# Command line: vivado.exe -gui_launcher_event rodinguilauncherevent2380 D:\Users\lkh116\Desktop\pipeline_cpu_predictor\pipeline_cpu.xpr
# Log file: D:/Users/lkh116/Desktop/pipeline_cpu_predictor/vivado.log
# Journal file: D:/Users/lkh116/Desktop/pipeline_cpu_predictor\vivado.jou
#-----------------------------------------------------------
start_gui
open_project D:/Users/lkh116/Desktop/pipeline_cpu_predictor/pipeline_cpu.xpr
launch_simulation
open_wave_config D:/Users/lkh116/Desktop/pipeline_cpu_predictor/cpu_TB_behav.wcfg
source cpu_TB.tcl
restart
run 10 us
run 10 us
run 10 us
restart
run 10 us
run 10 us
relaunch_sim
restart
run 10 us
run 10 us
relaunch_sim
restart
run 10 us
restart
relaunch_sim
restart
run all
restart
run 10 us
relaunch_sim
restart
run 10 us
relaunch_sim
relaunch_sim
restart
run 10 us
relaunch_sim
relaunch_sim
restart
run 10 us
relaunch_sim
relaunch_sim
relaunch_sim
restart
run 10 us
run 10 us
run 10 us
run 10 us
run 10 us
restart
run 10 us
run 10 us
run 10 us
relaunch_sim
restart
run 10 us
run 10 us
relaunch_sim
restart
run 10 us
run 10 us
relaunch_sim
restart
run 10 us
run 10 us
relaunch_sim
close_sim
